   Γû▓ Next.js 15.1.0
   - Environments: .env.local

   Creating an optimized production build ...
 Γ£ô Compiled successfully
   Linting and checking validity of types ...
node.exe :  Γ¿» ESLint: 
Cannot find module 'C:\Vil
lageConnect-main\village-c
onnect-next\node_modules\e
slint-config-next\core-web
-vitals' imported from C:\
VillageConnect-main\villag
e-connect-next\eslint.conf
ig.mjs Did you mean to 
import "eslint-config-next
/core-web-vitals.js"?
At C:\Program 
Files\nodejs\npx.ps1:29 
char:3
+   & $NODE_EXE 
$NPX_CLI_JS $args
+   ~~~~~~~~~~~~~~~~~~~~~~
~~~~~~~
    + CategoryInfo        
      : NotSpecified: (   
  Γ¿» ESLint: Ca...web-   
 vitals.js"?:String) [    
], RemoteException
    + FullyQualifiedError 
   Id : NativeCommandErr  
  or
 
Failed to compile.

.next/types/app/api/proble
ms/[id]/complete/route.ts:
166:7
Type error: Type '{ 
__tag__: "POST"; 
__param_position__: 
"second"; __param_type__: 
{ params: { id: string; 
}; }; }' does not satisfy 
the constraint 'ParamCheck
<RouteContext>'.
  The types of 
'__param_type__.params' 
are incompatible between 
these types.
    Type '{ id: string; 
}' is missing the 
following properties from 
type 'Promise<any>': 
then, catch, finally, 
[Symbol.toStringTag]

[0m [90m 164 |[39m     
[33mDiff[39m[33m<[39m
[0m
[0m [90m 165 |[39m     
  [33mParamCheck[39m[33
m<[39m[33mRouteContext[
39m[33m>[39m[33m,[39m
[0m
[0m[31m[1m>[22m[39m[
90m 166 |[39m       {[0m
[0m [90m     |[39m     
  [31m[1m^[22m[39m[0m
[0m [90m 167 |[39m     
    __tag__[33m:[39m 
[32m'POST'[39m[0m
[0m [90m 168 |[39m     
    __param_position__[33
m:[39m 
[32m'second'[39m[0m
[0m [90m 169 |[39m     
    
__param_type__[33m:[39m 
[33mSecondArg[39m[33m<
[39m[33mMaybeField[39m[
33m<[39m[33mTEntry[39m
[33m,[39m [32m'POST'[39
m[33m>>[39m[0m
